parameter file: par.c.details.qpfstats
### THE INPUT PARAMETERS
##PARAMETER NAME: VALUE
genotypename: /home/drtex/Disk2/QP/fstatistic/final.geno
snpname: /home/drtex/Disk2/QP/fstatistic/final.snp
indivname: /home/drtex/Disk2/QP/fstatistic/final.ind
poplistname: poplist
fstatsoutname: c.fstats
allsnps: YES
hires: YES
details: YES
inbreed: YES
noxdata: YES
## qpfstats version: 1002
inbreed set YES
allsnps set
inbreed set YES
np: 9 n: 666 nbasis: 36 coefsize: 23976
outpop: NULL 
valid snps: 1150639
                     pop : size   INBREED
  0          India_Parsi :   19       YES
  1            Indus_Low :    2       YES
  2            Indus_Med :    2       YES
  3            Indus_Out :    2       YES
  4           Indus_Out1 :    2       YES
  5 Iran_ShahrISokhta_BA1.AG :    8       YES
  6   Israel_Natufian.AG :    5       YES
  7 Tajikistan_C_Sarazm.AG :    2       YES
  8 Uzbekistan_SappaliTepe_BA.AG :   11       YES
before setwt numsnps: 1233013
setwt numsnps: 797652
number of blocks for moving block jackknife: 713
snps: 797652  indivs: 53
pop:          India_Parsi  hetrate:     0.172 valid snps:    273030 samples:   19 inbreed 
pop:            Indus_Low  hetrate:     0.171 valid snps:    126812 samples:    2 inbreed 
pop:            Indus_Med  hetrate:     0.171 valid snps:    266477 samples:    2 inbreed 
pop:            Indus_Out  hetrate:     0.175 valid snps:     87677 samples:    2 inbreed 
pop:           Indus_Out1  hetrate:     0.171 valid snps:     35923 samples:    2 inbreed 
pop: Iran_ShahrISokhta_BA1.AG  hetrate:     0.173 valid snps:    596569 samples:    8 inbreed 
pop:   Israel_Natufian.AG  hetrate:     0.150 valid snps:    105564 samples:    5 inbreed 
pop: Tajikistan_C_Sarazm.AG  hetrate:     0.170 valid snps:    283943 samples:    2 inbreed 
pop: Uzbekistan_SappaliTepe_BA.AG  hetrate:     0.182 valid snps:    776583 samples:   11 inbreed 
lambdascale:     2.840
statistics multiplied by 1000
fst:
        I    I    I    I    I    I    I    T    U 
  I     0   15   27   16   23   22   90   26   20
  I    15    0   -4    4  -10    5  105   14   11
  I    27   -4    0   11   -6   14  105   21   19
  I    16    4   11    0   -5    5  100   18    5
  I    23  -10   -6   -5    0   17  115   33   20
  I    22    5   14    5   17    0  100    8    4
  I    90  105  105  100  115  100    0  115   97
  T    26   14   21   18   33    8  115    0    7
  U    20   11   19    5   20    4   97    7    0

f2:
        I    I    I    I    I    I    I    T    U 
  I     0   15   27   16   23   21   91   26   20
  I    15    0   -3    3   -9    5  104   13   11
  I    27   -3    0   10   -6   13  105   20   19
  I    16    3   10    0   -5    5  101   17    5
  I    23   -9   -6   -5    0   17  117   33   20
  I    21    5   13    5   17    0  100    8    4
  I    91  104  105  101  117  100    0  114   98
  T    26   13   20   17   33    8  114    0    7
  U    20   11   19    5   20    4   98    7    0

adjusted sigs: 0
time in dofstats:    11.571
raw fstat table (before fit): scale:      2.840
fstat:     0     1     0     1      0.014718     0.005778     2.547
fstat:     0     2     0     2      0.026505     0.004130     6.418
fstat:     0     3     0     3      0.015580     0.006857     2.272
fstat:     0     4     0     4      0.023337     0.010635     2.194
fstat:     0     5     0     5      0.021473     0.002437     8.812
fstat:     0     6     0     6      0.090998     0.006408    14.200
fstat:     0     7     0     7      0.026273     0.003981     6.600
fstat:     0     8     0     8      0.020370     0.002036    10.003
fstat:     1     2     1     2     -0.003446     0.005468    -0.630
fstat:     1     3     1     3      0.003396     0.009546     0.356
fstat:     1     4     1     4     -0.009474     0.013750    -0.689
fstat:     1     5     1     5      0.005047     0.003692     1.367
fstat:     1     6     1     6      0.104431     0.008515    12.265
fstat:     1     7     1     7      0.013243     0.005693     2.326
fstat:     1     8     1     8      0.010522     0.003529     2.982
fstat:     2     3     2     3      0.010484     0.006798     1.542
fstat:     2     4     2     4     -0.005857     0.009590    -0.611
fstat:     2     5     2     5      0.013317     0.002739     4.862
fstat:     2     6     2     6      0.105124     0.006322    16.629
fstat:     2     7     2     7      0.020449     0.004354     4.697
fstat:     2     8     2     8      0.018503     0.002659     6.959
fstat:     3     4     3     4     -0.004503     0.015813    -0.285
fstat:     3     5     3     5      0.004946     0.004440     1.114
fstat:     3     6     3     6      0.100797     0.010730     9.394
fstat:     3     7     3     7      0.017401     0.006641     2.620
fstat:     3     8     3     8      0.005195     0.004066     1.278
fstat:     4     5     4     5      0.016665     0.006643     2.508
fstat:     4     6     4     6      0.117205     0.015667     7.481
fstat:     4     7     4     7      0.032638     0.010140     3.219
fstat:     4     8     4     8      0.019752     0.006392     3.090
fstat:     5     6     5     6      0.100346     0.004254    23.589
fstat:     5     7     5     7      0.007642     0.002784     2.745
fstat:     5     8     5     8      0.003836     0.001467     2.615
fstat:     6     7     6     7      0.114346     0.006505    17.577
fstat:     6     8     6     8      0.097621     0.004002    24.394
fstat:     7     8     7     8      0.006685     0.002584     2.587
fstat:     0     1     0     2      0.024487     0.003040     8.054
fstat:     0     1     0     3      0.019179     0.003113     6.160
fstat:     0     1     0     4      0.023690     0.004194     5.648
fstat:     0     1     0     5      0.020310     0.002683     7.569
fstat:     0     1     0     6      0.005174     0.003371     1.535
fstat:     0     1     0     7      0.020640     0.003030     6.811
fstat:     0     1     0     8      0.016467     0.002577     6.389
fstat:     0     2     0     3      0.020514     0.002882     7.119
fstat:     0     2     0     4      0.022766     0.003890     5.853
fstat:     0     2     0     5      0.018531     0.002504     7.402
fstat:     0     2     0     6      0.003932     0.003090     1.273
fstat:     0     2     0     7      0.016288     0.002758     5.906
fstat:     0     2     0     8      0.014707     0.002387     6.161
fstat:     0     3     0     4      0.021338     0.003949     5.404
fstat:     0     3     0     5      0.016632     0.002497     6.661
fstat:     0     3     0     6      0.005294     0.003281     1.613
fstat:     0     3     0     7      0.016167     0.002818     5.738
fstat:     0     3     0     8      0.014073     0.002384     5.904
fstat:     0     4     0     5      0.015315     0.003527     4.342
fstat:     0     4     0     6      0.005118     0.004366     1.172
fstat:     0     4     0     7      0.017875     0.003825     4.673
fstat:     0     4     0     8      0.014340     0.003366     4.260
fstat:     0     5     0     6      0.008540     0.002783     3.069
fstat:     0     5     0     7      0.021545     0.002449     8.798
fstat:     0     5     0     8      0.019336     0.002151     8.990
fstat:     0     6     0     7      0.004371     0.003076     1.421
fstat:     0     6     0     8      0.009787     0.002629     3.723
fstat:     0     7     0     8      0.019693     0.002279     8.643
fstat:     1     0     1     2     -0.012702     0.006088    -2.086
fstat:     1     0     1     3     -0.002822     0.006190    -0.456
fstat:     1     0     1     4     -0.009750     0.008314    -1.173
fstat:     1     0     1     5     -0.003820     0.005763    -0.663
fstat:     1     0     1     6      0.009332     0.006745     1.384
fstat:     1     0     1     7     -0.001523     0.006188    -0.246
fstat:     1     0     1     8      0.000867     0.005729     0.151
fstat:     1     2     1     3     -0.002772     0.004115    -0.674
fstat:     1     2     1     4     -0.004078     0.005460    -0.747
fstat:     1     2     1     5     -0.006939     0.003673    -1.889
fstat:     1     2     1     6     -0.006072     0.004390    -1.383
fstat:     1     2     1     7     -0.005725     0.004080    -1.403
fstat:     1     2     1     8     -0.005289     0.003661    -1.445
fstat:     1     3     1     4      0.003702     0.005596     0.662
fstat:     1     3     1     5      0.001959     0.003875     0.506
fstat:     1     3     1     6      0.002952     0.004790     0.616
fstat:     1     3     1     7      0.004207     0.004231     0.994
fstat:     1     3     1     8      0.003213     0.003809     0.844
fstat:     1     4     1     5     -0.004533     0.004968    -0.912
fstat:     1     4     1     6      0.003085     0.006022     0.512
fstat:     1     4     1     7     -0.002867     0.005445    -0.527
fstat:     1     4     1     8     -0.002054     0.004912    -0.418
fstat:     1     5     1     6      0.005566     0.004133     1.347
fstat:     1     5     1     7      0.005418     0.003789     1.430
fstat:     1     5     1     8      0.005675     0.003482     1.630
fstat:     1     6     1     7      0.003643     0.004479     0.813
fstat:     1     6     1     8      0.010476     0.004073     2.572
fstat:     1     7     1     8      0.007685     0.003735     2.057
fstat:     2     0     2     1      0.000942     0.004689     0.201
fstat:     2     0     2     3      0.006263     0.004422     1.416
fstat:     2     0     2     4      0.003786     0.005995     0.631
fstat:     2     0     2     5      0.007876     0.004150     1.898
fstat:     2     0     2     6      0.020771     0.004907     4.233
fstat:     2     0     2     7      0.008218     0.004419     1.860
fstat:     2     0     2     8      0.012679     0.004111     3.084
fstat:     2     1     2     3      0.001496     0.003334     0.449
fstat:     2     1     2     4      0.000577     0.004163     0.139
fstat:     2     1     2     5      0.004818     0.002991     1.611
fstat:     2     1     2     6     -0.000096     0.003611    -0.027
fstat:     2     1     2     7      0.005114     0.003400     1.504
fstat:     2     1     2     8      0.003885     0.002956     1.315
fstat:     2     3     2     4      0.004212     0.004083     1.031
fstat:     2     3     2     5      0.006342     0.002889     2.195
fstat:     2     3     2     6      0.008130     0.003610     2.252
fstat:     2     3     2     7      0.007438     0.003281     2.267
fstat:     2     3     2     8      0.006933     0.002870     2.416
fstat:     2     4     2     5      0.003417     0.003693     0.925
fstat:     2     4     2     6      0.002530     0.004418     0.572
fstat:     2     4     2     7      0.004733     0.004091     1.157
fstat:     2     4     2     8      0.002809     0.003637     0.772
fstat:     2     5     2     6      0.011314     0.003117     3.629
fstat:     2     5     2     7      0.013383     0.002859     4.681
fstat:     2     5     2     8      0.013960     0.002617     5.334
fstat:     2     6     2     7      0.007633     0.003454     2.210
fstat:     2     6     2     8      0.016107     0.003098     5.200
fstat:     2     7     2     8      0.015525     0.002867     5.416
fstat:     3     0     3     1     -0.006588     0.007997    -0.824
fstat:     3     0     3     2     -0.005672     0.007394    -0.767
fstat:     3     0     3     4     -0.005870     0.009831    -0.597
fstat:     3     0     3     5     -0.002790     0.006946    -0.402
fstat:     3     0     3     6      0.012057     0.008328     1.448
fstat:     3     0     3     7     -0.000652     0.007263    -0.090
fstat:     3     0     3     8     -0.001955     0.006801    -0.287
fstat:     3     1     3     2      0.004448     0.005191     0.857
fstat:     3     1     3     4      0.001931     0.006927     0.279
fstat:     3     1     3     5      0.001830     0.004814     0.380
fstat:     3     1     3     6      0.003300     0.005861     0.563
fstat:     3     1     3     7      0.005778     0.005148     1.122
fstat:     3     1     3     8     -0.001930     0.004699    -0.411
fstat:     3     2     3     4      0.001347     0.006558     0.205
fstat:     3     2     3     5     -0.000501     0.004519    -0.111
fstat:     3     2     3     6      0.002418     0.005502     0.440
fstat:     3     2     3     7      0.000822     0.004832     0.170
fstat:     3     2     3     8     -0.002515     0.004380    -0.574
fstat:     3     4     3     5     -0.001939     0.006010    -0.323
fstat:     3     4     3     6      0.006905     0.007383     0.935
fstat:     3     4     3     7      0.004062     0.006488     0.626
fstat:     3     4     3     8     -0.002124     0.005895    -0.360
fstat:     3     5     3     6      0.005011     0.004982     1.006
fstat:     3     5     3     7      0.006157     0.004410     1.396
fstat:     3     5     3     8      0.002590     0.004094     0.633
fstat:     3     6     3     7      0.001516     0.005423     0.280
fstat:     3     6     3     8      0.008475     0.004848     1.748
fstat:     3     7     3     8      0.006528     0.004307     1.516
fstat:     4     0     4     1     -0.003140     0.011796    -0.266
fstat:     4     0     4     2     -0.004531     0.011342    -0.399
fstat:     4     0     4     3     -0.001868     0.011284    -0.165
fstat:     4     0     4     5      0.007873     0.010796     0.729
fstat:     4     0     4     6      0.030028     0.012641     2.375
fstat:     4     0     4     7      0.008479     0.011223     0.756
fstat:     4     0     4     8      0.009481     0.010651     0.890
fstat:     4     1     4     2      0.002810     0.007594     0.370
fstat:     4     1     4     3      0.003566     0.007754     0.460
fstat:     4     1     4     5      0.007436     0.007182     1.035
fstat:     4     1     4     6      0.013347     0.008545     1.562
fstat:     4     1     4     7      0.006584     0.007732     0.852
fstat:     4     1     4     8      0.006281     0.006977     0.900
fstat:     4     2     4     3     -0.004837     0.007352    -0.658
fstat:     4     2     4     5     -0.000082     0.006675    -0.012
fstat:     4     2     4     6      0.003364     0.008128     0.414
fstat:     4     2     4     7     -0.003613     0.007187    -0.503
fstat:     4     2     4     8      0.000420     0.006628     0.063
fstat:     4     3     4     5      0.006734     0.006725     1.001
fstat:     4     3     4     6      0.009114     0.008330     1.094
fstat:     4     3     4     7      0.007628     0.007261     1.050
fstat:     4     3     4     8      0.006466     0.006703     0.965
fstat:     4     5     4     6      0.018335     0.007622     2.406
fstat:     4     5     4     7      0.016471     0.006749     2.441
fstat:     4     5     4     8      0.015887     0.006340     2.506
fstat:     4     6     4     7      0.011733     0.008111     1.447
fstat:     4     6     4     8      0.024361     0.007530     3.235
fstat:     4     7     4     8      0.015548     0.006611     2.352
fstat:     5     0     5     1      0.001024     0.002854     0.359
fstat:     5     0     5     2      0.003408     0.002640     1.291
fstat:     5     0     5     3      0.004493     0.002674     1.681
fstat:     5     0     5     4      0.004764     0.003732     1.277
fstat:     5     0     5     6      0.013538     0.003003     4.508
fstat:     5     0     5     7      0.000489     0.002629     0.186
fstat:     5     0     5     8      0.002831     0.002414     1.173
fstat:     5     1     5     2      0.008768     0.002105     4.166
fstat:     5     1     5     3      0.003353     0.002132     1.572
fstat:     5     1     5     4      0.008998     0.002768     3.251
fstat:     5     1     5     6     -0.000809     0.002303    -0.351
fstat:     5     1     5     7     -0.000072     0.002072    -0.035
fstat:     5     1     5     8     -0.001449     0.001728    -0.839
fstat:     5     2     5     3      0.007532     0.002003     3.760
fstat:     5     2     5     4      0.011076     0.002570     4.310
fstat:     5     2     5     6      0.000763     0.002138     0.357
fstat:     5     2     5     7     -0.000624     0.001888    -0.330
fstat:     5     2     5     8     -0.000124     0.001594    -0.078
fstat:     5     3     5     4      0.008318     0.002617     3.179
fstat:     5     3     5     6      0.004125     0.002302     1.792
fstat:     5     3     5     7      0.001428     0.001970     0.725
fstat:     5     3     5     8      0.000564     0.001648     0.342
fstat:     5     4     5     6      0.002964     0.002872     1.032
fstat:     5     4     5     7      0.001034     0.002548     0.406
fstat:     5     4     5     8      0.000709     0.002190     0.324
fstat:     5     6     5     7     -0.002692     0.002148    -1.253
fstat:     5     6     5     8      0.004754     0.001819     2.614
fstat:     5     7     5     8      0.001615     0.001606     1.005
fstat:     6     0     6     1      0.081525     0.007487    10.888
fstat:     6     0     6     2      0.084225     0.006854    12.288
fstat:     6     0     6     3      0.083009     0.007040    11.791
fstat:     6     0     6     4      0.083401     0.009353     8.917
fstat:     6     0     6     5      0.081794     0.006551    12.486
fstat:     6     0     6     7      0.090976     0.006950    13.090
fstat:     6     0     6     8      0.082180     0.006410    12.820
fstat:     6     1     6     2      0.109226     0.005075    21.524
fstat:     6     1     6     3      0.101873     0.005155    19.763
fstat:     6     1     6     4      0.105816     0.006645    15.924
fstat:     6     1     6     5      0.098382     0.004603    21.375
fstat:     6     1     6     7      0.105240     0.005066    20.774
fstat:     6     1     6     8      0.095387     0.004527    21.073
fstat:     6     2     6     3      0.098841     0.004890    20.214
fstat:     6     2     6     4      0.098228     0.006289    15.619
fstat:     6     2     6     5      0.098513     0.004373    22.528
fstat:     6     2     6     7      0.101642     0.004696    21.643
fstat:     6     2     6     8      0.095539     0.004246    22.499
fstat:     6     3     6     4      0.098755     0.006386    15.465
fstat:     6     3     6     5      0.096153     0.004428    21.714
fstat:     6     3     6     7      0.099152     0.004903    20.225
fstat:     6     3     6     8      0.093025     0.004374    21.268
fstat:     6     4     6     5      0.092741     0.005745    16.144
fstat:     6     4     6     7      0.101089     0.006312    16.014
fstat:     6     4     6     8      0.093523     0.005667    16.502
fstat:     6     5     6     7      0.104056     0.004381    23.750
fstat:     6     5     6     8      0.096511     0.003994    24.163
fstat:     6     7     6     8      0.102884     0.004271    24.089
fstat:     7     0     7     1      0.004988     0.004645     1.074
fstat:     7     0     7     2      0.010812     0.004363     2.478
fstat:     7     0     7     3      0.006358     0.004458     1.426
fstat:     7     0     7     4      0.011831     0.005796     2.041
fstat:     7     0     7     5      0.006121     0.004027     1.520
fstat:     7     0     7     6      0.021946     0.004758     4.612
fstat:     7     0     7     8      0.006638     0.003927     1.691
fstat:     7     1     7     2      0.016454     0.003352     4.908
fstat:     7     1     7     3      0.008476     0.003345     2.534
fstat:     7     1     7     4      0.016744     0.004270     3.921
fstat:     7     1     7     5      0.006852     0.002984     2.296
fstat:     7     1     7     6      0.008080     0.003619     2.233
fstat:     7     1     7     8      0.003668     0.002888     1.270
fstat:     7     2     7     3      0.014074     0.003207     4.388
fstat:     7     2     7     4      0.018373     0.003984     4.611
fstat:     7     2     7     5      0.009208     0.002850     3.231
fstat:     7     2     7     6      0.012176     0.003450     3.529
fstat:     7     2     7     8      0.007186     0.002761     2.603
fstat:     7     3     7     4      0.012659     0.004125     3.069
fstat:     7     3     7     5      0.005795     0.002901     1.998
fstat:     7     3     7     6      0.009965     0.003529     2.824
fstat:     7     3     7     8      0.003794     0.002817     1.347
fstat:     7     4     7     5      0.004787     0.003609     1.326
fstat:     7     4     7     6      0.008832     0.004423     1.997
fstat:     7     4     7     8      0.004742     0.003539     1.340
fstat:     7     5     7     6      0.010261     0.003126     3.282
fstat:     7     5     7     8      0.005738     0.002579     2.224
fstat:     7     6     7     8      0.012439     0.003027     4.109
fstat:     8     0     8     1      0.002846     0.002590     1.099
fstat:     8     0     8     2      0.004560     0.002408     1.894
fstat:     8     0     8     3      0.005122     0.002402     2.133
fstat:     8     0     8     4      0.005754     0.003396     1.694
fstat:     8     0     8     5      0.000329     0.002162     0.152
fstat:     8     0     8     6      0.009324     0.002667     3.496
fstat:     8     0     8     7     -0.000438     0.002291    -0.191
fstat:     8     1     8     2      0.013715     0.001929     7.109
fstat:     8     1     8     3      0.007415     0.002008     3.693
fstat:     8     1     8     4      0.013543     0.002549     5.314
fstat:     8     1     8     5      0.005090     0.001643     3.098
fstat:     8     1     8     6     -0.000613     0.002156    -0.284
fstat:     8     1     8     7      0.003693     0.001921     1.922
fstat:     8     2     8     3      0.010868     0.001867     5.821
fstat:     8     2     8     4      0.013944     0.002378     5.865
fstat:     8     2     8     5      0.004188     0.001504     2.784
fstat:     8     2     8     6     -0.000035     0.002020    -0.017
fstat:     8     2     8     7      0.001197     0.001756     0.682
fstat:     8     3     8     4      0.010512     0.002442     4.304
fstat:     8     3     8     5      0.002986     0.001533     1.948
fstat:     8     3     8     6      0.002211     0.002127     1.040
fstat:     8     3     8     7      0.002667     0.001808     1.475
fstat:     8     4     8     5      0.003043     0.002095     1.452
fstat:     8     4     8     6      0.001158     0.002734     0.424
fstat:     8     4     8     7      0.003379     0.002334     1.448
fstat:     8     5     8     6     -0.001060     0.001697    -0.625
fstat:     8     5     8     7      0.002064     0.001489     1.386
fstat:     8     6     8     7     -0.005249     0.001968    -2.667
fstat:     0     1     2     3     -0.006035     0.003526    -1.712
fstat:     0     1     2     4     -0.001436     0.004668    -0.308
fstat:     0     1     2     5     -0.004763     0.003155    -1.510
fstat:     0     1     2     6     -0.020263     0.003826    -5.296
fstat:     0     1     2     7     -0.004878     0.003412    -1.430
fstat:     0     1     2     8     -0.008542     0.003072    -2.781
fstat:     0     1     3     4      0.002975     0.004780     0.622
fstat:     0     1     3     5      0.000296     0.003192     0.093
fstat:     0     1     3     6     -0.015007     0.003889    -3.859
fstat:     0     1     3     7      0.000485     0.003557     0.136
fstat:     0     1     3     8     -0.003306     0.003130    -1.056
fstat:     0     1     4     5     -0.005028     0.004344    -1.158
fstat:     0     1     4     6     -0.020683     0.005247    -3.942
fstat:     0     1     4     7     -0.002038     0.004632    -0.440
fstat:     0     1     4     8     -0.007724     0.004225    -1.828
fstat:     0     1     5     6     -0.014567     0.003516    -4.144
fstat:     0     1     5     7      0.000149     0.003116     0.048
fstat:     0     1     5     8     -0.004254     0.002692    -1.580
fstat:     0     1     6     7      0.014585     0.003831     3.807
fstat:     0     1     6     8      0.010824     0.003413     3.171
fstat:     0     1     7     8     -0.004480     0.003036    -1.476
fstat:     0     2     1     3     -0.005129     0.003481    -1.474
fstat:     0     2     1     4     -0.001385     0.004667    -0.297
fstat:     0     2     1     5     -0.006895     0.003157    -2.184
fstat:     0     2     1     6     -0.019781     0.003769    -5.249
fstat:     0     2     1     7     -0.009201     0.003370    -2.730
fstat:     0     2     1     8     -0.010372     0.003065    -3.384
fstat:     0     2     3     4      0.002838     0.004459     0.636
fstat:     0     2     3     5     -0.002284     0.002949    -0.774
fstat:     0     2     3     6     -0.016849     0.003598    -4.683
fstat:     0     2     3     7     -0.004570     0.003223    -1.418
fstat:     0     2     3     8     -0.006393     0.002891    -2.211
fstat:     0     2     4     5     -0.007575     0.004039    -1.875
fstat:     0     2     4     6     -0.019508     0.004823    -4.045
fstat:     0     2     4     7     -0.008075     0.004338    -1.861
fstat:     0     2     4     8     -0.008219     0.003925    -2.094
fstat:     0     2     5     6     -0.013737     0.003216    -4.271
fstat:     0     2     5     7     -0.001453     0.002893    -0.502
fstat:     0     2     5     8     -0.004130     0.002512    -1.645
fstat:     0     2     6     7      0.013581     0.003504     3.876
fstat:     0     2     6     8      0.010460     0.003142     3.330
fstat:     0     2     7     8     -0.001563     0.002774    -0.564
fstat:     0     3     1     2      0.000905     0.003521     0.257
fstat:     0     3     1     4      0.001686     0.004770     0.353
fstat:     0     3     1     5     -0.003678     0.003192    -1.152
fstat:     0     3     1     6     -0.014768     0.004041    -3.654
fstat:     0     3     1     7     -0.003851     0.003513    -1.096
fstat:     0     3     1     8     -0.004837     0.003136    -1.542
fstat:     0     3     2     4      0.001158     0.004473     0.259
fstat:     0     3     2     5     -0.004091     0.002966    -1.379
fstat:     0     3     2     6     -0.013852     0.003768    -3.676
fstat:     0     3     2     7     -0.004239     0.003318    -1.278
fstat:     0     3     2     8     -0.006692     0.002914    -2.297
fstat:     0     3     4     5     -0.004854     0.004092    -1.186
fstat:     0     3     4     6     -0.015585     0.005062    -3.079
fstat:     0     3     4     7     -0.005774     0.004384    -1.317
fstat:     0     3     4     8     -0.006935     0.004005    -1.732
fstat:     0     3     5     6     -0.009816     0.003405    -2.883
fstat:     0     3     5     7     -0.000278     0.002908    -0.096
fstat:     0     3     5     8     -0.002625     0.002523    -1.041
fstat:     0     3     6     7      0.010119     0.003654     2.769
fstat:     0     3     6     8      0.008334     0.003335     2.499
fstat:     0     3     7     8     -0.002170     0.002812    -0.771
fstat:     0     4     1     2      0.000051     0.004640     0.011
fstat:     0     4     1     3     -0.001289     0.004738    -0.272
fstat:     0     4     1     5     -0.009824     0.004305    -2.282
fstat:     0     4     1     6     -0.016541     0.005267    -3.140
fstat:     0     4     1     7     -0.006120     0.004629    -1.322
fstat:     0     4     1     8     -0.009539     0.004260    -2.239
fstat:     0     4     2     3     -0.001680     0.004400    -0.382
fstat:     0     4     2     5     -0.008544     0.004011    -2.130
fstat:     0     4     2     6     -0.016855     0.004929    -3.419
fstat:     0     4     2     7     -0.005470     0.004373    -1.251
fstat:     0     4     2     8     -0.008666     0.003943    -2.198
fstat:     0     4     3     5     -0.006569     0.004060    -1.618
fstat:     0     4     3     6     -0.015764     0.004920    -3.204
fstat:     0     4     3     7     -0.003317     0.004432    -0.748
fstat:     0     4     3     8     -0.007103     0.004014    -1.770
fstat:     0     4     5     6     -0.009581     0.004506    -2.126
fstat:     0     4     5     7      0.002940     0.003986     0.738
fstat:     0     4     5     8     -0.001078     0.003550    -0.304
fstat:     0     4     6     7      0.012659     0.004820     2.627
fstat:     0     4     6     8      0.008669     0.004406     1.968
fstat:     0     4     7     8     -0.003373     0.003853    -0.875
fstat:     0     5     1     2     -0.002132     0.002925    -0.729
fstat:     0     5     1     3     -0.003973     0.002945    -1.349
fstat:     0     5     1     4     -0.004796     0.004073    -1.178
fstat:     0     5     1     6     -0.012573     0.003273    -3.841
fstat:     0     5     1     7      0.000865     0.002903     0.298
fstat:     0     5     1     8     -0.001911     0.002670    -0.716
fstat:     0     5     2     3     -0.001807     0.002744    -0.659
fstat:     0     5     2     4     -0.000969     0.003824    -0.253
fstat:     0     5     2     6     -0.010338     0.003093    -3.342
fstat:     0     5     2     7      0.002490     0.002745     0.907
fstat:     0     5     2     8      0.000239     0.002505     0.096
fstat:     0     5     3     4     -0.001715     0.003842    -0.446
fstat:     0     5     3     6     -0.007763     0.003114    -2.493
fstat:     0     5     3     7      0.004943     0.002739     1.805
fstat:     0     5     3     8      0.001678     0.002511     0.668
fstat:     0     5     4     6     -0.006662     0.004262    -1.563
fstat:     0     5     4     7      0.005486     0.003768     1.456
fstat:     0     5     4     8      0.002959     0.003539     0.836
fstat:     0     5     6     7      0.013603     0.003046     4.466
fstat:     0     5     6     8      0.009993     0.002804     3.564
fstat:     0     5     7     8     -0.002393     0.002433    -0.984
fstat:     0     6     1     2      0.000482     0.003742     0.129
fstat:     0     6     1     3      0.000240     0.003966     0.060
fstat:     0     6     1     4      0.004142     0.005219     0.794
fstat:     0     6     1     5      0.001995     0.003465     0.576
fstat:     0     6     1     7     -0.000143     0.003758    -0.038
fstat:     0     6     1     8      0.004317     0.003370     1.281
fstat:     0     6     2     3      0.002998     0.003740     0.802
fstat:     0     6     2     4      0.002653     0.004842     0.548
fstat:     0     6     2     5      0.003399     0.003217     1.056
fstat:     0     6     2     7      0.000168     0.003513     0.048
fstat:     0     6     2     8      0.005228     0.003132     1.669
fstat:     0     6     3     4     -0.000179     0.005007    -0.036
fstat:     0     6     3     5      0.002053     0.003391     0.605
fstat:     0     6     3     7     -0.001179     0.003693    -0.319
fstat:     0     6     3     8      0.003788     0.003306     1.146
fstat:     0     6     4     5      0.002920     0.004476     0.652
fstat:     0     6     4     7      0.001821     0.004811     0.378
fstat:     0     6     4     8      0.004340     0.004419     0.982
fstat:     0     6     5     7     -0.003375     0.003191    -1.058
fstat:     0     6     5     8      0.000867     0.002799     0.310
fstat:     0     6     7     8      0.005003     0.003082     1.623
fstat:     0     7     1     2     -0.004323     0.003396    -1.273
fstat:     0     7     1     3     -0.004336     0.003465    -1.251
fstat:     0     7     1     4     -0.004082     0.004592    -0.889
fstat:     0     7     1     5      0.000717     0.003108     0.231
fstat:     0     7     1     6     -0.014728     0.003837    -3.838
fstat:     0     7     1     8     -0.001353     0.003022    -0.448
fstat:     0     7     2     3      0.000331     0.003213     0.103
fstat:     0     7     2     4      0.002605     0.004262     0.611
fstat:     0     7     2     5      0.003942     0.002886     1.366
fstat:     0     7     2     6     -0.013413     0.003572    -3.755
fstat:     0     7     2     8      0.003103     0.002771     1.120
fstat:     0     7     3     4      0.002457     0.004344     0.565
fstat:     0     7     3     5      0.005222     0.002906     1.797
fstat:     0     7     3     6     -0.011298     0.003625    -3.117
fstat:     0     7     3     8      0.003170     0.002814     1.127
fstat:     0     7     4     5      0.002546     0.003956     0.644
fstat:     0     7     4     6     -0.010839     0.004887    -2.218
fstat:     0     7     4     8      0.001539     0.003831     0.402
fstat:     0     7     5     6     -0.016978     0.003259    -5.209
fstat:     0     7     5     8     -0.002158     0.002432    -0.887
fstat:     0     7     6     8      0.014776     0.003136     4.712
fstat:     0     8     1     2     -0.001829     0.002813    -0.650
fstat:     0     8     1     3     -0.001531     0.002830    -0.541
fstat:     0     8     1     4     -0.001816     0.003912    -0.464
fstat:     0     8     1     5      0.002343     0.002630     0.891
fstat:     0     8     1     6     -0.006508     0.003132    -2.078
fstat:     0     8     1     7      0.003127     0.002771     1.128
fstat:     0     8     2     3     -0.000299     0.002644    -0.113
fstat:     0     8     2     4     -0.000448     0.003655    -0.123
fstat:     0     8     2     5      0.004370     0.002450     1.784
fstat:     0     8     2     6     -0.005232     0.002937    -1.782
fstat:     0     8     2     7      0.004667     0.002586     1.804
fstat:     0     8     3     4     -0.000169     0.003673    -0.046
fstat:     0     8     3     5      0.004303     0.002451     1.756
fstat:     0     8     3     6     -0.004546     0.002957    -1.537
fstat:     0     8     3     7      0.005340     0.002584     2.066
fstat:     0     8     4     5      0.004037     0.003463     1.166
fstat:     0     8     4     6     -0.004329     0.004100    -1.056
fstat:     0     8     4     7      0.004912     0.003579     1.372
fstat:     0     8     5     6     -0.009126     0.002742    -3.328
fstat:     0     8     5     7      0.000235     0.002371     0.099
fstat:     0     8     6     7      0.009773     0.002874     3.401
fstat:     1     2     3     4     -0.000954     0.003300    -0.289
fstat:     1     2     3     5     -0.004299     0.002298    -1.871
fstat:     1     2     3     6     -0.001081     0.002974    -0.364
fstat:     1     2     3     7     -0.005357     0.002672    -2.005
fstat:     1     2     3     8     -0.002918     0.002265    -1.288
fstat:     1     2     4     5     -0.002377     0.002880    -0.825
fstat:     1     2     4     6      0.000599     0.003657     0.164
fstat:     1     2     4     7     -0.004258     0.003309    -1.287
fstat:     1     2     4     8     -0.000617     0.002811    -0.219
fstat:     1     2     5     6      0.002017     0.002490     0.810
fstat:     1     2     5     7     -0.000897     0.002233    -0.402
fstat:     1     2     5     8      0.001287     0.001773     0.726
fstat:     1     2     6     7     -0.003784     0.002858    -1.324
fstat:     1     2     6     8     -0.000718     0.002428    -0.296
fstat:     1     2     7     8      0.002382     0.002183     1.091
fstat:     1     3     2     4      0.003181     0.003343     0.952
fstat:     1     3     2     5      0.001417     0.002277     0.623
fstat:     1     3     2     6      0.006316     0.003048     2.072
fstat:     1     3     2     7      0.002046     0.002724     0.751
fstat:     1     3     2     8      0.003581     0.002229     1.607
fstat:     1     3     4     5     -0.000110     0.003041    -0.036
fstat:     1     3     4     6      0.002763     0.003902     0.708
fstat:     1     3     4     7     -0.001520     0.003497    -0.435
fstat:     1     3     4     8      0.001962     0.002966     0.662
fstat:     1     3     5     6      0.004462     0.002615     1.706
fstat:     1     3     5     7      0.000598     0.002277     0.263
fstat:     1     3     5     8      0.002373     0.001812     1.309
fstat:     1     3     6     7     -0.003512     0.003051    -1.151
fstat:     1     3     6     8     -0.002077     0.002587    -0.803
fstat:     1     3     7     8      0.001283     0.002255     0.569
fstat:     1     4     2     3      0.004136     0.003281     1.260
fstat:     1     4     2     5     -0.001646     0.002886    -0.570
fstat:     1     4     2     6      0.004257     0.003691     1.153
fstat:     1     4     2     7     -0.001804     0.003293    -0.548
fstat:     1     4     2     8      0.000545     0.002774     0.196
fstat:     1     4     3     5     -0.005601     0.003014    -1.859
fstat:     1     4     3     6     -0.000397     0.003764    -0.105
fstat:     1     4     3     7     -0.005611     0.003426    -1.638
fstat:     1     4     3     8     -0.002899     0.002939    -0.986
fstat:     1     4     5     6      0.004744     0.003273     1.450
fstat:     1     4     5     7     -0.000030     0.002904    -0.010
fstat:     1     4     5     8      0.002390     0.002403     0.995
fstat:     1     4     6     7     -0.005083     0.003688    -1.378
fstat:     1     4     6     8     -0.002384     0.003212    -0.742
fstat:     1     4     7     8      0.002086     0.002813     0.742
fstat:     1     5     2     3      0.005716     0.002303     2.482
fstat:     1     5     2     4      0.000731     0.002917     0.250
fstat:     1     5     2     6      0.009890     0.002571     3.847
fstat:     1     5     2     7      0.009330     0.002312     4.035
fstat:     1     5     2     8      0.010273     0.001973     5.206
fstat:     1     5     3     4     -0.005491     0.003013    -1.822
fstat:     1     5     3     6      0.005717     0.002592     2.206
fstat:     1     5     3     7      0.003201     0.002328     1.375
fstat:     1     5     3     8      0.004880     0.002033     2.400
fstat:     1     5     4     6      0.010560     0.003305     3.195
fstat:     1     5     4     7      0.009469     0.003003     3.153
fstat:     1     5     4     8      0.010878     0.002613     4.163
fstat:     1     5     6     7     -0.000186     0.002570    -0.072
fstat:     1     5     6     8      0.000721     0.002185     0.330
fstat:     1     5     7     8      0.000970     0.001961     0.495
fstat:     1     6     2     3      0.007397     0.003050     2.425
fstat:     1     6     2     4      0.003659     0.003593     1.018
fstat:     1     6     2     5      0.007873     0.002497     3.154
fstat:     1     6     2     7      0.004577     0.002864     1.598
fstat:     1     6     2     8      0.013665     0.002438     5.605
fstat:     1     6     3     4     -0.003160     0.003763    -0.840
fstat:     1     6     3     5      0.001256     0.002684     0.468
fstat:     1     6     3     7     -0.002032     0.003023    -0.672
fstat:     1     6     3     8      0.007153     0.002597     2.754
fstat:     1     6     4     5      0.005816     0.003271     1.778
fstat:     1     6     4     7      0.002111     0.003653     0.578
fstat:     1     6     4     8      0.010940     0.003209     3.409
fstat:     1     6     5     7     -0.003156     0.002469    -1.278
fstat:     1     6     5     8      0.005897     0.001991     2.961
fstat:     1     6     7     8      0.009074     0.002447     3.708
fstat:     1     7     2     3      0.007403     0.002683     2.759
fstat:     1     7     2     4      0.002454     0.003263     0.752
fstat:     1     7     2     5      0.010227     0.002240     4.565
fstat:     1     7     2     6      0.008361     0.002824     2.960
fstat:     1     7     2     8      0.012098     0.002204     5.490
fstat:     1     7     3     4     -0.004091     0.003364    -1.216
fstat:     1     7     3     5      0.002603     0.002342     1.111
fstat:     1     7     3     6      0.001480     0.002883     0.513
fstat:     1     7     3     8      0.004793     0.002251     2.129
fstat:     1     7     4     5      0.009500     0.002961     3.209
fstat:     1     7     4     6      0.007194     0.003667     1.962
fstat:     1     7     4     8      0.010634     0.002858     3.720
fstat:     1     7     5     6     -0.002970     0.002485    -1.195
fstat:     1     7     5     8      0.001777     0.001778     1.000
fstat:     1     7     6     8      0.004708     0.002415     1.950
fstat:     1     8     2     3      0.006499     0.002247     2.892
fstat:     1     8     2     4      0.001162     0.002832     0.410
fstat:     1     8     2     5      0.008986     0.001965     4.574
fstat:     1     8     2     6      0.014383     0.002473     5.815
fstat:     1     8     2     7      0.009717     0.002229     4.359
fstat:     1     8     3     4     -0.004861     0.002892    -1.681
fstat:     1     8     3     5      0.002508     0.002037     1.231
fstat:     1     8     3     6      0.009230     0.002532     3.646
fstat:     1     8     3     7      0.003509     0.002265     1.550
fstat:     1     8     4     5      0.008489     0.002619     3.241
fstat:     1     8     4     6      0.013324     0.003226     4.131
fstat:     1     8     4     7      0.008548     0.002895     2.953
fstat:     1     8     5     6      0.005176     0.002203     2.350
fstat:     1     8     5     7      0.000808     0.001951     0.414
fstat:     1     8     6     7     -0.004366     0.002522    -1.731
fstat:     2     3     4     5      0.002878     0.002825     1.019
fstat:     2     3     4     6      0.003779     0.003621     1.044
fstat:     2     3     4     7      0.004538     0.003234     1.403
fstat:     2     3     4     8      0.003702     0.002771     1.336
fstat:     2     3     5     6      0.003377     0.002465     1.370
fstat:     2     3     5     7      0.002354     0.002137     1.102
fstat:     2     3     5     8      0.000975     0.001662     0.586
fstat:     2     3     6     7     -0.001022     0.002764    -0.370
fstat:     2     3     6     8     -0.002374     0.002458    -0.966
fstat:     2     3     7     8     -0.001605     0.002085    -0.770
fstat:     2     4     3     5     -0.001246     0.002860    -0.436
fstat:     2     4     3     6      0.000065     0.003517     0.019
fstat:     2     4     3     7      0.001615     0.003153     0.512
fstat:     2     4     3     8     -0.000481     0.002776    -0.173
fstat:     2     4     5     6      0.002609     0.003093     0.844
fstat:     2     4     5     7      0.002473     0.002648     0.934
fstat:     2     4     5     8      0.000641     0.002253     0.284
fstat:     2     4     6     7      0.000325     0.003381     0.096
fstat:     2     4     6     8     -0.001248     0.003022    -0.413
fstat:     2     4     7     8     -0.001957     0.002577    -0.759
fstat:     2     5     3     4     -0.004124     0.002902    -1.421
fstat:     2     5     3     6      0.006475     0.002387     2.713
fstat:     2     5     3     7      0.008316     0.002178     3.818
fstat:     2     5     3     8      0.007949     0.001899     4.185
fstat:     2     5     4     6      0.010492     0.003073     3.414
fstat:     2     5     4     7      0.012846     0.002731     4.704
fstat:     2     5     4     8      0.011072     0.002449     4.520
fstat:     2     5     6     7      0.001969     0.002287     0.861
fstat:     2     5     6     8      0.001052     0.002028     0.519
fstat:     2     5     7     8     -0.000645     0.001780    -0.362
fstat:     2     6     3     4     -0.003714     0.003685    -1.008
fstat:     2     6     3     5      0.003098     0.002511     1.233
fstat:     2     6     3     7      0.001474     0.002803     0.526
fstat:     2     6     3     8      0.008269     0.002452     3.373
fstat:     2     6     4     5      0.007883     0.003149     2.503
fstat:     2     6     4     7      0.007431     0.003516     2.113
fstat:     2     6     4     8      0.012269     0.003076     3.989
fstat:     2     6     5     7     -0.001358     0.002343    -0.580
fstat:     2     6     5     8      0.005120     0.001867     2.743
fstat:     2     6     7     8      0.006177     0.002259     2.735
fstat:     2     7     3     4     -0.002924     0.003296    -0.887
fstat:     2     7     3     5      0.005962     0.002296     2.596
fstat:     2     7     3     6      0.002495     0.002760     0.904
fstat:     2     7     3     8      0.007597     0.002207     3.442
fstat:     2     7     4     5      0.010373     0.002742     3.782
fstat:     2     7     4     6      0.007107     0.003461     2.053
fstat:     2     7     4     8      0.010902     0.002687     4.058
fstat:     2     7     5     6     -0.003327     0.002387    -1.394
fstat:     2     7     5     8      0.001905     0.001663     1.146
fstat:     2     7     6     8      0.005123     0.002288     2.239
fstat:     2     8     3     4     -0.004183     0.002803    -1.492
fstat:     2     8     3     5      0.006974     0.001893     3.683
fstat:     2     8     3     6      0.010643     0.002385     4.462
fstat:     2     8     3     7      0.009202     0.002132     4.317
fstat:     2     8     4     5      0.010431     0.002419     4.311
fstat:     2     8     4     6      0.013516     0.003007     4.495
fstat:     2     8     4     7      0.012859     0.002672     4.812
fstat:     2     8     5     6      0.004069     0.002051     1.984
fstat:     2     8     5     7      0.002549     0.001826     1.396
fstat:     2     8     6     7     -0.001055     0.002270    -0.465
fstat:     3     4     5     6      0.000605     0.003170     0.191
fstat:     3     4     5     7      0.000966     0.002772     0.348
fstat:     3     4     5     8      0.000021     0.002288     0.009
fstat:     3     4     6     7      0.000410     0.003549     0.116
fstat:     3     4     6     8     -0.000400     0.003128    -0.128
fstat:     3     4     7     8     -0.001129     0.002678    -0.421
fstat:     3     5     4     6      0.006815     0.003214     2.121
fstat:     3     5     4     7      0.008041     0.002817     2.855
fstat:     3     5     4     8      0.007495     0.002506     2.991
fstat:     3     5     6     7      0.002949     0.002500     1.180
fstat:     3     5     6     8      0.003502     0.002194     1.596
fstat:     3     5     7     8      0.000923     0.001860     0.496
fstat:     3     6     4     5      0.006210     0.003171     1.959
fstat:     3     6     4     7      0.003238     0.003559     0.910
fstat:     3     6     4     8      0.009315     0.003099     3.006
fstat:     3     6     5     7     -0.003270     0.002400    -1.362
fstat:     3     6     5     8      0.004162     0.001916     2.172
fstat:     3     6     7     8      0.007656     0.002360     3.244
fstat:     3     7     4     5      0.007076     0.002814     2.515
fstat:     3     7     4     6      0.002828     0.003602     0.785
fstat:     3     7     4     8      0.007101     0.002734     2.597
fstat:     3     7     5     6     -0.006219     0.002506    -2.481
fstat:     3     7     5     8      0.001027     0.001681     0.611
fstat:     3     7     6     8      0.007237     0.002468     2.933
fstat:     3     8     4     5      0.007474     0.002489     3.003
fstat:     3     8     4     6      0.009715     0.003114     3.120
fstat:     3     8     4     7      0.008229     0.002726     3.019
fstat:     3     8     5     6      0.000660     0.002161     0.305
fstat:     3     8     5     7      0.000104     0.001830     0.057
fstat:     3     8     6     7     -0.000418     0.002422    -0.173
fstat:     4     5     6     7      0.001975     0.003079     0.642
fstat:     4     5     6     8      0.001365     0.002738     0.499
fstat:     4     5     7     8      0.000190     0.002376     0.080
fstat:     4     6     5     7     -0.004128     0.003050    -1.353
fstat:     4     6     5     8      0.002739     0.002507     1.092
fstat:     4     6     7     8      0.006470     0.002984     2.168
fstat:     4     7     5     6     -0.006103     0.003066    -1.990
fstat:     4     7     5     8     -0.000313     0.002219    -0.141
fstat:     4     7     6     8      0.004684     0.003013     1.555
fstat:     4     8     5     6      0.001373     0.002771     0.496
fstat:     4     8     5     7     -0.000504     0.002409    -0.209
fstat:     4     8     6     7     -0.001786     0.003070    -0.582
fstat:     5     6     7     8      0.007413     0.002037     3.640
fstat:     5     7     6     8      0.004279     0.002016     2.123
fstat:     5     8     6     7     -0.003134     0.001873    -1.673
basis:   1   1     0.022031     0.002254 ::     0.014718     0.005778
basis:   1   2     0.025367     0.001216 ::     0.024487     0.003040
basis:   1   3     0.018936     0.001335 ::     0.019179     0.003113
basis:   1   4     0.023738     0.001511 ::     0.023690     0.004194
basis:   1   5     0.020099     0.000804 ::     0.020310     0.002683
basis:   1   6     0.005151     0.001327 ::     0.005174     0.003371
basis:   1   7     0.019946     0.001258 ::     0.020640     0.003030
basis:   1   8     0.015941     0.000683 ::     0.016467     0.002577
basis:   2   2     0.026866     0.001850 ::     0.026505     0.004130
basis:   2   3     0.020155     0.001231 ::     0.020514     0.002882
basis:   2   4     0.023816     0.001363 ::     0.022766     0.003890
basis:   2   5     0.017855     0.000744 ::     0.018531     0.002504
basis:   2   6     0.004829     0.001181 ::     0.003932     0.003090
basis:   2   7     0.016234     0.001095 ::     0.016288     0.002758
basis:   2   8     0.014694     0.000644 ::     0.014707     0.002387
basis:   3   3     0.018446     0.002457 ::     0.015580     0.006857
basis:   3   4     0.020574     0.001468 ::     0.021338     0.003949
basis:   3   5     0.016681     0.000763 ::     0.016632     0.002497
basis:   3   6     0.006030     0.001432 ::     0.005294     0.003281
basis:   3   7     0.016957     0.001233 ::     0.016167     0.002818
basis:   3   8     0.014471     0.000664 ::     0.014073     0.002384
basis:   4   4     0.026965     0.003574 ::     0.023337     0.010635
basis:   4   5     0.016223     0.000977 ::     0.015315     0.003527
basis:   4   6     0.005737     0.001588 ::     0.005118     0.004366
basis:   4   7     0.017218     0.001365 ::     0.017875     0.003825
basis:   4   8     0.014401     0.000795 ::     0.014340     0.003366
basis:   5   5     0.021650     0.000760 ::     0.021473     0.002437
basis:   5   6     0.007737     0.000832 ::     0.008540     0.002783
basis:   5   7     0.021118     0.000803 ::     0.021545     0.002449
basis:   5   8     0.018720     0.000438 ::     0.019336     0.002151
basis:   6   6     0.093160     0.002595 ::     0.090998     0.006408
basis:   6   7     0.004447     0.001221 ::     0.004371     0.003076
basis:   6   8     0.009296     0.000717 ::     0.009787     0.002629
basis:   7   7     0.027258     0.001898 ::     0.026273     0.003981
basis:   7   8     0.019498     0.000667 ::     0.019693     0.002279
basis:   8   8     0.019454     0.000491 ::     0.020370     0.002036
##end of qpfstats:       79.250 seconds cpu     1062.736 Mbytes in use
